// Jest Snapshot v1, https://goo.gl/fbAQLP

exports[`should match snapshot 1`] = `
<DocumentFragment>
  <div
    class="Card"
  >
    <h4
      class="Card-title"
    >
      This is a Shiba Inu
    </h4>
    <img
      alt="This is a Shiba Inu"
      class="Card-image"
      src="https://dogtime.com/wp-content/uploads/sites/12/2011/01/GettyImages-653001154-e1691965000531.jpg?w=1024"
    />
    <small
      class="Card-small"
    >
      Image 4 of 4.
    </small>
  </div>
</DocumentFragment>
`;
